// Jest Snapshot v1, https://goo.gl/fbAQLP

exports[`Login will have all expected field 1`] = `
Object {
  "asFragment": [Function],
  "baseElement": <body>
    <div>
      <div>
        <img
          src="login.jpg"
        />
        <h1
          data-testid="message"
          style="color: green;"
        />
        <form>
          <h1>
            Login 
          </h1>
          <h4>
            User
          </h4>
          <input
            data-testid="username"
            placeholder="User"
            required=""
            style="width: 500px;"
            type="text"
            value=""
          />
          <h4>
            Password
          </h4>
          <input
            data-testid="password"
            placeholder="Password"
            required=""
            style="width: 500px; margin-bottom: 20px;"
            type="text"
            value=""
          />
          <br />
          <button
            class="btn btn-primary"
            data-testid="button"
            type="button"
          >
            Submit 
          </button>
        </form>
      </div>
    </div>
  </body>,
  "container": <div>
    <div>
      <img
        src="login.jpg"
      />
      <h1
        data-testid="message"
        style="color: green;"
      />
      <form>
        <h1>
          Login 
        </h1>
        <h4>
          User
        </h4>
        <input
          data-testid="username"
          placeholder="User"
          required=""
          style="width: 500px;"
          type="text"
          value=""
        />
        <h4>
          Password
        </h4>
        <input
          data-testid="password"
          placeholder="Password"
          required=""
          style="width: 500px; margin-bottom: 20px;"
          type="text"
          value=""
        />
        <br />
        <button
          class="btn btn-primary"
          data-testid="button"
          type="button"
        >
          Submit 
        </button>
      </form>
    </div>
  </div>,
  "debug": [Function],
  "findAllByAltText": [Function],
  "findAllByDisplayValue": [Function],
  "findAllByLabelText": [Function],
  "findAllByPlaceholderText": [Function],
  "findAllByRole": [Function],
  "findAllByTestId": [Function],
  "findAllByText": [Function],
  "findAllByTitle": [Function],
  "findByAltText": [Function],
  "findByDisplayValue": [Function],
  "findByLabelText": [Function],
  "findByPlaceholderText": [Function],
  "findByRole": [Function],
  "findByTestId": [Function],
  "findByText": [Function],
  "findByTitle": [Function],
  "getAllByAltText": [Function],
  "getAllByDisplayValue": [Function],
  "getAllByLabelText": [Function],
  "getAllByPlaceholderText": [Function],
  "getAllByRole": [Function],
  "getAllByTestId": [Function],
  "getAllByText": [Function],
  "getAllByTitle": [Function],
  "getByAltText": [Function],
  "getByDisplayValue": [Function],
  "getByLabelText": [Function],
  "getByPlaceholderText": [Function],
  "getByRole": [Function],
  "getByTestId": [Function],
  "getByText": [Function],
  "getByTitle": [Function],
  "queryAllByAltText": [Function],
  "queryAllByDisplayValue": [Function],
  "queryAllByLabelText": [Function],
  "queryAllByPlaceholderText": [Function],
  "queryAllByRole": [Function],
  "queryAllByTestId": [Function],
  "queryAllByText": [Function],
  "queryAllByTitle": [Function],
  "queryByAltText": [Function],
  "queryByDisplayValue": [Function],
  "queryByLabelText": [Function],
  "queryByPlaceholderText": [Function],
  "queryByRole": [Function],
  "queryByTestId": [Function],
  "queryByText": [Function],
  "queryByTitle": [Function],
  "rerender": [Function],
  "unmount": [Function],
}
`;
