// Jest Snapshot v1, https://goo.gl/fbAQLP

exports[`PollCreationPage will have all expected field 1`] = `
Object {
  "asFragment": [Function],
  "baseElement": <body>
    <div>
      <div>
        <div
          style="margin-bottom: 2px;"
        >
          <nav
            class="navbar navbar-expand-lg navbar-light bg-light"
          >
            <div
              class="row"
              style="width: 100%;"
            >
              <div
                class="col-10"
                style="display: flex; padding-left: 30px;"
              >
                <a
                  class="navbar-brand"
                  href="/home"
                >
                  Home
                </a>
                <a
                  class="navbar-brand"
                  href="/leaderboard"
                >
                  LeaderBoard
                </a>
                <a
                  class="navbar-brand"
                  href="/add"
                >
                  New
                </a>
              </div>
              <div
                class="col-2"
                style="display: flex;"
              >
                <a
                  class="navbar-brand"
                  href="/"
                >
                   
                </a>
                <img
                  style="width: 40px; border-radius: 50%; margin-right: 20px;"
                />
                <a
                  class="navbar-brand"
                  href="/"
                >
                  Logout
                </a>
              </div>
            </div>
          </nav>
        </div>
        <form>
          <h1>
            Would you rather
          </h1>
          <h3>
            Create your own poll
          </h3>
          <h4>
            First Option
          </h4>
          <input
            data-testid="first-option"
            placeholder="Option One"
            required=""
            style="width: 500px;"
            type="text"
            value=""
          />
          <h4>
            Second Option
          </h4>
          <input
            data-testid="second-option"
            placeholder="Option Two"
            required=""
            style="width: 500px;"
            type="text"
            value=""
          />
          <br />
          <button
            class="btn btn-primary"
            data-testid="submit-button"
            style="margin-top: 20px; margin-bottom: 20px;"
            type="submit"
          >
            Submit
          </button>
        </form>
      </div>
    </div>
  </body>,
  "container": <div>
    <div>
      <div
        style="margin-bottom: 2px;"
      >
        <nav
          class="navbar navbar-expand-lg navbar-light bg-light"
        >
          <div
            class="row"
            style="width: 100%;"
          >
            <div
              class="col-10"
              style="display: flex; padding-left: 30px;"
            >
              <a
                class="navbar-brand"
                href="/home"
              >
                Home
              </a>
              <a
                class="navbar-brand"
                href="/leaderboard"
              >
                LeaderBoard
              </a>
              <a
                class="navbar-brand"
                href="/add"
              >
                New
              </a>
            </div>
            <div
              class="col-2"
              style="display: flex;"
            >
              <a
                class="navbar-brand"
                href="/"
              >
                 
              </a>
              <img
                style="width: 40px; border-radius: 50%; margin-right: 20px;"
              />
              <a
                class="navbar-brand"
                href="/"
              >
                Logout
              </a>
            </div>
          </div>
        </nav>
      </div>
      <form>
        <h1>
          Would you rather
        </h1>
        <h3>
          Create your own poll
        </h3>
        <h4>
          First Option
        </h4>
        <input
          data-testid="first-option"
          placeholder="Option One"
          required=""
          style="width: 500px;"
          type="text"
          value=""
        />
        <h4>
          Second Option
        </h4>
        <input
          data-testid="second-option"
          placeholder="Option Two"
          required=""
          style="width: 500px;"
          type="text"
          value=""
        />
        <br />
        <button
          class="btn btn-primary"
          data-testid="submit-button"
          style="margin-top: 20px; margin-bottom: 20px;"
          type="submit"
        >
          Submit
        </button>
      </form>
    </div>
  </div>,
  "debug": [Function],
  "findAllByAltText": [Function],
  "findAllByDisplayValue": [Function],
  "findAllByLabelText": [Function],
  "findAllByPlaceholderText": [Function],
  "findAllByRole": [Function],
  "findAllByTestId": [Function],
  "findAllByText": [Function],
  "findAllByTitle": [Function],
  "findByAltText": [Function],
  "findByDisplayValue": [Function],
  "findByLabelText": [Function],
  "findByPlaceholderText": [Function],
  "findByRole": [Function],
  "findByTestId": [Function],
  "findByText": [Function],
  "findByTitle": [Function],
  "getAllByAltText": [Function],
  "getAllByDisplayValue": [Function],
  "getAllByLabelText": [Function],
  "getAllByPlaceholderText": [Function],
  "getAllByRole": [Function],
  "getAllByTestId": [Function],
  "getAllByText": [Function],
  "getAllByTitle": [Function],
  "getByAltText": [Function],
  "getByDisplayValue": [Function],
  "getByLabelText": [Function],
  "getByPlaceholderText": [Function],
  "getByRole": [Function],
  "getByTestId": [Function],
  "getByText": [Function],
  "getByTitle": [Function],
  "queryAllByAltText": [Function],
  "queryAllByDisplayValue": [Function],
  "queryAllByLabelText": [Function],
  "queryAllByPlaceholderText": [Function],
  "queryAllByRole": [Function],
  "queryAllByTestId": [Function],
  "queryAllByText": [Function],
  "queryAllByTitle": [Function],
  "queryByAltText": [Function],
  "queryByDisplayValue": [Function],
  "queryByLabelText": [Function],
  "queryByPlaceholderText": [Function],
  "queryByRole": [Function],
  "queryByTestId": [Function],
  "queryByText": [Function],
  "queryByTitle": [Function],
  "rerender": [Function],
  "unmount": [Function],
}
`;
